[11140:14132:0724/111311.803:WARNING:chrome_main_delegate.cc(745)] This is Chrome version 128.0.6613.138 (not a warning)
[11140:7600:0724/111311.848:ERROR:google_update_settings.cc(265)] Failed opening key Software\Chromium to set usagestats; result: 5
[11140:14132:0724/111311.850:WARNING:account_consistency_mode_manager.cc(77)] Desktop Identity Consistency cannot be enabled as no OAuth client ID and client secret have been configured.
[5452:19120:0724/111315.601:WARNING:frame_impl.cc(430)] virtual CefFrameImpl::SendProcessMessage sent to detached frame 5-909128789A447DE1F0F5D43BE892A96A will be ignored
[10012:6984:0724/111315.837:WARNING:codec.cc(525)] Explicitly added H264 constrained baseline to list of supported formats.
[10012:22080:0724/111315.849:WARNING:codec.cc(525)] Explicitly added H264 constrained baseline to list of supported formats.
[10012:22080:0724/111315.849:WARNING:codec.cc(525)] Explicitly added H264 constrained baseline to list of supported formats.
[10012:22080:0724/111315.849:WARNING:codec.cc(525)] Explicitly added H264 constrained baseline to list of supported formats.
[21256:2344:0724/111315.858:WARNING:host_resolver_dns_task.cc(863)] Address list empty after RFC3484 sort
[21256:2344:0724/111315.859:ERROR:socket_manager.cc(147)] Failed to resolve address for stun.cloudflare.com., errorcode: -105
[21256:2344:0724/111315.859:ERROR:socket_manager.cc(147)] Failed to resolve address for stun.cloudflare.com., errorcode: -105
[21256:2344:0724/111315.859:ERROR:socket_manager.cc(147)] Failed to resolve address for stun.cloudflare.com., errorcode: -105
[10012:22080:0724/111315.859:WARNING:stun_port.cc(442)] Port[f72400:0:1:0:host:Net[any:0:0:0:x:x:x:x:x/0:Wildcard:id=0]]: StunPort: stun host lookup received error -1
[10012:22080:0724/111315.859:WARNING:stun_port.cc(442)] Port[f72c00:1:1:0:host:Net[any:0:0:0:x:x:x:x:x/0:Wildcard:id=0]]: StunPort: stun host lookup received error -1
[10012:22080:0724/111315.859:WARNING:stun_port.cc(442)] Port[f73400:2:1:0:host:Net[any:0:0:0:x:x:x:x:x/0:Wildcard:id=0]]: StunPort: stun host lookup received error -1
[21256:2344:0724/111315.859:WARNING:host_resolver_dns_task.cc(863)] Address list empty after RFC3484 sort
[21256:2344:0724/111315.859:WARNING:host_resolver_dns_task.cc(863)] Address list empty after RFC3484 sort
[21256:2344:0724/111315.860:ERROR:socket_manager.cc(147)] Failed to resolve address for stun1.l.google.com., errorcode: -105
[21256:2344:0724/111315.860:ERROR:socket_manager.cc(147)] Failed to resolve address for stun1.l.google.com., errorcode: -105
[21256:2344:0724/111315.860:ERROR:socket_manager.cc(147)] Failed to resolve address for stun1.l.google.com., errorcode: -105
[10012:22080:0724/111315.860:WARNING:stun_port.cc(442)] Port[f72400:0:1:0:host:Net[any:0:0:0:x:x:x:x:x/0:Wildcard:id=0]]: StunPort: stun host lookup received error -1
[10012:22080:0724/111315.860:WARNING:stun_port.cc(442)] Port[f72c00:1:1:0:host:Net[any:0:0:0:x:x:x:x:x/0:Wildcard:id=0]]: StunPort: stun host lookup received error -1
[10012:22080:0724/111315.860:WARNING:stun_port.cc(442)] Port[f73400:2:1:0:host:Net[any:0:0:0:x:x:x:x:x/0:Wildcard:id=0]]: StunPort: stun host lookup received error -1
[21256:2344:0724/111315.861:ERROR:socket_manager.cc(147)] Failed to resolve address for stun.l.google.com., errorcode: -105
[21256:2344:0724/111315.861:ERROR:socket_manager.cc(147)] Failed to resolve address for stun.l.google.com., errorcode: -105
[21256:2344:0724/111315.861:ERROR:socket_manager.cc(147)] Failed to resolve address for stun.l.google.com., errorcode: -105
[10012:22080:0724/111315.861:WARNING:stun_port.cc(442)] Port[f72400:0:1:0:host:Net[any:0:0:0:x:x:x:x:x/0:Wildcard:id=0]]: StunPort: stun host lookup received error -1
[10012:22080:0724/111315.861:WARNING:stun_port.cc(442)] Port[f72c00:1:1:0:host:Net[any:0:0:0:x:x:x:x:x/0:Wildcard:id=0]]: StunPort: stun host lookup received error -1
[10012:22080:0724/111315.861:WARNING:stun_port.cc(442)] Port[f73400:2:1:0:host:Net[any:0:0:0:x:x:x:x:x/0:Wildcard:id=0]]: StunPort: stun host lookup received error -1
[11140:19000:0724/111316.032:WARNING:browser_info.cc(345)] Returning a speculative frame for [7,9]
[11140:14132:0724/111316.060:WARNING:browser_info.cc(345)] Returning a speculative frame for [8,5]
[11140:14132:0724/111316.060:WARNING:browser_info.cc(345)] Returning a speculative frame for [8,5]
[11140:14132:0724/111316.060:WARNING:browser_info.cc(345)] Returning a speculative frame for [8,5]
[11140:14132:0724/111316.060:WARNING:browser_info.cc(345)] Returning a speculative frame for [8,5]
[11140:19000:0724/111316.091:WARNING:browser_info.cc(345)] Returning a speculative frame for [8,5]
[12568:18456:0724/111316.149:WARNING:codec.cc(525)] Explicitly added H264 constrained baseline to list of supported formats.
[12568:1848:0724/111316.171:WARNING:codec.cc(525)] Explicitly added H264 constrained baseline to list of supported formats.
[12568:1848:0724/111316.171:WARNING:codec.cc(525)] Explicitly added H264 constrained baseline to list of supported formats.
[12568:1848:0724/111316.171:WARNING:codec.cc(525)] Explicitly added H264 constrained baseline to list of supported formats.
[21256:2344:0724/111316.180:WARNING:host_resolver_dns_task.cc(863)] Address list empty after RFC3484 sort
[21256:2344:0724/111316.180:WARNING:host_resolver_dns_task.cc(863)] Address list empty after RFC3484 sort
[21256:2344:0724/111316.181:WARNING:host_resolver_dns_task.cc(863)] Address list empty after RFC3484 sort
[21256:2344:0724/111316.181:ERROR:socket_manager.cc(147)] Failed to resolve address for stun1.l.google.com., errorcode: -105
[21256:2344:0724/111316.181:ERROR:socket_manager.cc(147)] Failed to resolve address for stun1.l.google.com., errorcode: -105
[21256:2344:0724/111316.181:ERROR:socket_manager.cc(147)] Failed to resolve address for stun1.l.google.com., errorcode: -105
[21256:2344:0724/111316.181:ERROR:socket_manager.cc(147)] Failed to resolve address for stun.cloudflare.com., errorcode: -105
[21256:2344:0724/111316.181:ERROR:socket_manager.cc(147)] Failed to resolve address for stun.cloudflare.com., errorcode: -105
[21256:2344:0724/111316.181:ERROR:socket_manager.cc(147)] Failed to resolve address for stun.cloudflare.com., errorcode: -105
[21256:2344:0724/111316.181:ERROR:socket_manager.cc(147)] Failed to resolve address for stun.l.google.com., errorcode: -105
[21256:2344:0724/111316.181:ERROR:socket_manager.cc(147)] Failed to resolve address for stun.l.google.com., errorcode: -105
[21256:2344:0724/111316.181:ERROR:socket_manager.cc(147)] Failed to resolve address for stun.l.google.com., errorcode: -105
[12568:1848:0724/111316.181:WARNING:stun_port.cc(442)] Port[f27400:0:1:0:host:Net[any:0:0:0:x:x:x:x:x/0:Wildcard:id=0]]: StunPort: stun host lookup received error -1
[12568:1848:0724/111316.181:WARNING:stun_port.cc(442)] Port[12c0000:1:1:0:host:Net[any:0:0:0:x:x:x:x:x/0:Wildcard:id=0]]: StunPort: stun host lookup received error -1
[12568:1848:0724/111316.181:WARNING:stun_port.cc(442)] Port[12c0400:2:1:0:host:Net[any:0:0:0:x:x:x:x:x/0:Wildcard:id=0]]: StunPort: stun host lookup received error -1
[12568:1848:0724/111316.182:WARNING:stun_port.cc(442)] Port[f27400:0:1:0:host:Net[any:0:0:0:x:x:x:x:x/0:Wildcard:id=0]]: StunPort: stun host lookup received error -1
[12568:1848:0724/111316.182:WARNING:stun_port.cc(442)] Port[12c0000:1:1:0:host:Net[any:0:0:0:x:x:x:x:x/0:Wildcard:id=0]]: StunPort: stun host lookup received error -1
[12568:1848:0724/111316.182:WARNING:stun_port.cc(442)] Port[12c0400:2:1:0:host:Net[any:0:0:0:x:x:x:x:x/0:Wildcard:id=0]]: StunPort: stun host lookup received error -1
[12568:1848:0724/111316.182:WARNING:stun_port.cc(442)] Port[f27400:0:1:0:host:Net[any:0:0:0:x:x:x:x:x/0:Wildcard:id=0]]: StunPort: stun host lookup received error -1
[12568:1848:0724/111316.182:WARNING:stun_port.cc(442)] Port[12c0000:1:1:0:host:Net[any:0:0:0:x:x:x:x:x/0:Wildcard:id=0]]: StunPort: stun host lookup received error -1
[12568:1848:0724/111316.182:WARNING:stun_port.cc(442)] Port[12c0400:2:1:0:host:Net[any:0:0:0:x:x:x:x:x/0:Wildcard:id=0]]: StunPort: stun host lookup received error -1
[12568:18456:0724/111317.597:WARNING:codec.cc(525)] Explicitly added H264 constrained baseline to list of supported formats.
[2944:19492:0724/111907.034:ERROR:shared_image_manager.cc(224)] SharedImageManager::ProduceSkia: Trying to Produce a Skia representation from a non-existent mailbox.
[2944:19492:0724/111907.034:ERROR:shared_image_manager.cc(224)] SharedImageManager::ProduceSkia: Trying to Produce a Skia representation from a non-existent mailbox.
[11140:14132:0724/114303.358:ERROR:device_event_log_impl.cc(196)] [11:43:03.195] USB: usb_service_win.cc:105 SetupDiGetDeviceProperty({{A45C254E-DF1C-4EFD-8020-67D146A850E0}, 6}) failed: 要素が見つかりません。 (0x490)
[11140:14132:0724/132216.618:WARNING:pref_notifier_impl.cc(41)] Pref observer for media_router.cast_allow_all_ips found at shutdown.
